2026-04-14 05:14:31,409 INFO o.a.j.u.JMeterUtils: Setting Locale to en_EN
2026-04-14 05:14:31,420 INFO o.a.j.JMeter: Loading user properties from: /opt/apache-jmeter-5.5/bin/user.properties
2026-04-14 05:14:31,422 INFO o.a.j.JMeter: Loading system properties from: /opt/apache-jmeter-5.5/bin/system.properties
2026-04-14 05:14:31,423 INFO o.a.j.JMeter: Setting System property: log4j2.formatMsgNoLookups=true
2026-04-14 05:14:31,427 INFO o.a.j.JMeter: Copyright (c) 1998-2022 The Apache Software Foundation
2026-04-14 05:14:31,431 INFO o.a.j.JMeter: Version 5.5
2026-04-14 05:14:31,432 INFO o.a.j.JMeter: java.version=1.8.0_275
2026-04-14 05:14:31,432 INFO o.a.j.JMeter: java.vm.name=OpenJDK 64-Bit Server VM
2026-04-14 05:14:31,433 INFO o.a.j.JMeter: os.name=Linux
2026-04-14 05:14:31,433 INFO o.a.j.JMeter: os.arch=amd64
2026-04-14 05:14:31,433 INFO o.a.j.JMeter: os.version=6.6.87.2-microsoft-standard-WSL2
2026-04-14 05:14:31,433 INFO o.a.j.JMeter: file.encoding=UTF-8
2026-04-14 05:14:31,433 INFO o.a.j.JMeter: java.awt.headless=true
2026-04-14 05:14:31,433 INFO o.a.j.JMeter: Max memory     =47496298496
2026-04-14 05:14:31,433 INFO o.a.j.JMeter: Available Processors =20
2026-04-14 05:14:31,437 INFO o.a.j.JMeter: Default Locale=English (EN)
2026-04-14 05:14:31,437 INFO o.a.j.JMeter: JMeter  Locale=English (EN)
2026-04-14 05:14:31,439 INFO o.a.j.JMeter: JMeterHome=/opt/apache-jmeter-5.5
2026-04-14 05:14:31,439 INFO o.a.j.JMeter: user.dir  =/opt/apache-jmeter-5.5
2026-04-14 05:14:31,439 INFO o.a.j.JMeter: PWD       =/opt/apache-jmeter-5.5
2026-04-14 05:14:31,458 INFO o.a.j.JMeter: IP: 192.168.65.3 Name: docker-desktop FullName: 192.168.65.3
2026-04-14 05:14:31,472 INFO o.a.j.s.FileServer: Default base='/opt/apache-jmeter-5.5'
2026-04-14 05:14:31,473 INFO o.a.j.s.FileServer: Set new base='/jmeter'
2026-04-14 05:14:31,548 INFO o.a.j.s.SaveService: Testplan (JMX) version: 2.2. Testlog (JTL) version: 2.2
2026-04-14 05:14:31,559 INFO o.a.j.s.SaveService: Using SaveService properties file encoding UTF-8
2026-04-14 05:14:31,561 INFO o.a.j.s.SaveService: Using SaveService properties version 5.0
2026-04-14 05:14:31,567 INFO o.a.j.s.SaveService: Loading file: /jmeter/traffic-governance.jmx
2026-04-14 05:14:31,602 INFO o.a.j.p.h.s.HTTPSamplerBase: Parser for text/html is org.apache.jmeter.protocol.http.parser.LagartoBasedHtmlParser
2026-04-14 05:14:31,602 INFO o.a.j.p.h.s.HTTPSamplerBase: Parser for application/xhtml+xml is org.apache.jmeter.protocol.http.parser.LagartoBasedHtmlParser
2026-04-14 05:14:31,602 INFO o.a.j.p.h.s.HTTPSamplerBase: Parser for application/xml is org.apache.jmeter.protocol.http.parser.LagartoBasedHtmlParser
2026-04-14 05:14:31,602 INFO o.a.j.p.h.s.HTTPSamplerBase: Parser for text/xml is org.apache.jmeter.protocol.http.parser.LagartoBasedHtmlParser
2026-04-14 05:14:31,602 INFO o.a.j.p.h.s.HTTPSamplerBase: Parser for text/vnd.wap.wml is org.apache.jmeter.protocol.http.parser.RegexpHTMLParser
2026-04-14 05:14:31,602 INFO o.a.j.p.h.s.HTTPSamplerBase: Parser for text/css is org.apache.jmeter.protocol.http.parser.CssParser
2026-04-14 05:14:31,812 INFO o.a.j.JMeter: Creating summariser <summary>
2026-04-14 05:14:31,817 INFO o.a.j.e.StandardJMeterEngine: Running the test!
2026-04-14 05:14:31,817 INFO o.a.j.s.SampleEvent: List of sample_variables: []
2026-04-14 05:14:31,818 INFO o.a.j.s.SampleEvent: List of sample_variables: []
2026-04-14 05:14:31,821 INFO o.a.j.e.u.CompoundVariable: Note: Function class names must contain the string: '.functions.'
2026-04-14 05:14:31,821 INFO o.a.j.e.u.CompoundVariable: Note: Function class names must not contain the string: '.gui.'
2026-04-14 05:14:31,970 INFO o.a.j.JMeter: Running test (1776136471970)
2026-04-14 05:14:32,340 INFO o.a.j.e.StandardJMeterEngine: Starting ThreadGroup: 1 : RateLimitLoad
2026-04-14 05:14:32,340 INFO o.a.j.e.StandardJMeterEngine: Starting 40 threads for group RateLimitLoad.
2026-04-14 05:14:32,340 INFO o.a.j.e.StandardJMeterEngine: Thread will continue on error
2026-04-14 05:14:32,341 INFO o.a.j.t.ThreadGroup: Starting thread group... number=1 threads=40 ramp-up=5 delayedStart=false
2026-04-14 05:14:32,345 INFO o.a.j.t.JMeterThread: Thread started: RateLimitLoad 1-1
2026-04-14 05:14:32,351 INFO o.a.j.t.ThreadGroup: Started thread group number 1
2026-04-14 05:14:32,351 INFO o.a.j.e.StandardJMeterEngine: All thread groups have been started
2026-04-14 05:14:32,357 INFO o.a.j.p.h.s.HTTPHCAbstractImpl: Local host = docker-desktop
2026-04-14 05:14:32,361 INFO o.a.j.p.h.s.HTTPHC4Impl: HTTP request retry count = 0
2026-04-14 05:14:32,362 INFO o.a.j.s.SampleResult: Note: Sample TimeStamps are START times
2026-04-14 05:14:32,362 INFO o.a.j.s.SampleResult: sampleresult.default.encoding is set to ISO-8859-1
2026-04-14 05:14:32,363 INFO o.a.j.s.SampleResult: sampleresult.useNanoTime=true
2026-04-14 05:14:32,363 INFO o.a.j.s.SampleResult: sampleresult.nanoThreadSleep=5000
2026-04-14 05:14:32,468 INFO o.a.j.t.JMeterThread: Thread started: RateLimitLoad 1-2
2026-04-14 05:14:32,593 INFO o.a.j.t.JMeterThread: Thread started: RateLimitLoad 1-3
2026-04-14 05:14:32,717 INFO o.a.j.t.JMeterThread: Thread started: RateLimitLoad 1-4
2026-04-14 05:14:32,842 INFO o.a.j.t.JMeterThread: Thread started: RateLimitLoad 1-5
2026-04-14 05:14:32,967 INFO o.a.j.t.JMeterThread: Thread started: RateLimitLoad 1-6
2026-04-14 05:14:32,977 INFO o.a.j.r.Summariser: summary +      1 in 00:00:01 =    1.0/s Avg:     8 Min:     8 Max:     8 Err:     1 (100.00%) Active: 6 Started: 6 Finished: 0
2026-04-14 05:14:33,092 INFO o.a.j.t.JMeterThread: Thread started: RateLimitLoad 1-7
2026-04-14 05:14:33,197 INFO o.a.j.t.JMeterThread: Thread is done: RateLimitLoad 1-6
2026-04-14 05:14:33,198 INFO o.a.j.t.JMeterThread: Thread finished: RateLimitLoad 1-6
2026-04-14 05:14:33,217 INFO o.a.j.t.JMeterThread: Thread started: RateLimitLoad 1-8
2026-04-14 05:14:33,240 INFO o.a.j.t.JMeterThread: Thread is done: RateLimitLoad 1-7
2026-04-14 05:14:33,240 INFO o.a.j.t.JMeterThread: Thread finished: RateLimitLoad 1-7
2026-04-14 05:14:33,333 INFO o.a.j.t.JMeterThread: Thread is done: RateLimitLoad 1-8
2026-04-14 05:14:33,333 INFO o.a.j.t.JMeterThread: Thread finished: RateLimitLoad 1-8
2026-04-14 05:14:33,341 INFO o.a.j.t.JMeterThread: Thread started: RateLimitLoad 1-9
2026-04-14 05:14:33,462 INFO o.a.j.t.JMeterThread: Thread is done: RateLimitLoad 1-9
2026-04-14 05:14:33,462 INFO o.a.j.t.JMeterThread: Thread finished: RateLimitLoad 1-9
2026-04-14 05:14:33,466 INFO o.a.j.t.JMeterThread: Thread started: RateLimitLoad 1-10
2026-04-14 05:14:33,573 INFO o.a.j.t.JMeterThread: Thread is done: RateLimitLoad 1-10
2026-04-14 05:14:33,574 INFO o.a.j.t.JMeterThread: Thread finished: RateLimitLoad 1-10
2026-04-14 05:14:33,591 INFO o.a.j.t.JMeterThread: Thread started: RateLimitLoad 1-11
2026-04-14 05:14:33,692 INFO o.a.j.t.JMeterThread: Thread is done: RateLimitLoad 1-11
2026-04-14 05:14:33,692 INFO o.a.j.t.JMeterThread: Thread finished: RateLimitLoad 1-11
2026-04-14 05:14:33,717 INFO o.a.j.t.JMeterThread: Thread started: RateLimitLoad 1-12
2026-04-14 05:14:33,734 INFO o.a.j.t.JMeterThread: Thread is done: RateLimitLoad 1-1
2026-04-14 05:14:33,734 INFO o.a.j.t.JMeterThread: Thread finished: RateLimitLoad 1-1
2026-04-14 05:14:33,786 INFO o.a.j.t.JMeterThread: Thread is done: RateLimitLoad 1-2
2026-04-14 05:14:33,786 INFO o.a.j.t.JMeterThread: Thread finished: RateLimitLoad 1-2
2026-04-14 05:14:33,825 INFO o.a.j.t.JMeterThread: Thread is done: RateLimitLoad 1-12
2026-04-14 05:14:33,825 INFO o.a.j.t.JMeterThread: Thread finished: RateLimitLoad 1-12
2026-04-14 05:14:33,841 INFO o.a.j.t.JMeterThread: Thread started: RateLimitLoad 1-13
2026-04-14 05:14:33,910 INFO o.a.j.t.JMeterThread: Thread is done: RateLimitLoad 1-3
2026-04-14 05:14:33,910 INFO o.a.j.t.JMeterThread: Thread finished: RateLimitLoad 1-3
2026-04-14 05:14:33,958 INFO o.a.j.t.JMeterThread: Thread is done: RateLimitLoad 1-13
2026-04-14 05:14:33,959 INFO o.a.j.t.JMeterThread: Thread finished: RateLimitLoad 1-13
2026-04-14 05:14:33,967 INFO o.a.j.t.JMeterThread: Thread started: RateLimitLoad 1-14
2026-04-14 05:14:34,034 INFO o.a.j.t.JMeterThread: Thread is done: RateLimitLoad 1-4
2026-04-14 05:14:34,036 INFO o.a.j.t.JMeterThread: Thread finished: RateLimitLoad 1-4
2026-04-14 05:14:34,082 INFO o.a.j.t.JMeterThread: Thread is done: RateLimitLoad 1-14
2026-04-14 05:14:34,083 INFO o.a.j.t.JMeterThread: Thread finished: RateLimitLoad 1-14
2026-04-14 05:14:34,092 INFO o.a.j.t.JMeterThread: Thread started: RateLimitLoad 1-15
2026-04-14 05:14:34,144 INFO o.a.j.t.JMeterThread: Thread is done: RateLimitLoad 1-5
2026-04-14 05:14:34,145 INFO o.a.j.t.JMeterThread: Thread finished: RateLimitLoad 1-5
2026-04-14 05:14:34,179 INFO o.a.j.t.JMeterThread: Thread is done: RateLimitLoad 1-15
2026-04-14 05:14:34,180 INFO o.a.j.t.JMeterThread: Thread finished: RateLimitLoad 1-15
2026-04-14 05:14:34,217 INFO o.a.j.t.JMeterThread: Thread started: RateLimitLoad 1-16
2026-04-14 05:14:34,320 INFO o.a.j.t.JMeterThread: Thread is done: RateLimitLoad 1-16
2026-04-14 05:14:34,320 INFO o.a.j.t.JMeterThread: Thread finished: RateLimitLoad 1-16
2026-04-14 05:14:34,341 INFO o.a.j.t.JMeterThread: Thread started: RateLimitLoad 1-17
2026-04-14 05:14:34,417 INFO o.a.j.t.JMeterThread: Thread is done: RateLimitLoad 1-17
2026-04-14 05:14:34,418 INFO o.a.j.t.JMeterThread: Thread finished: RateLimitLoad 1-17
2026-04-14 05:14:34,466 INFO o.a.j.t.JMeterThread: Thread started: RateLimitLoad 1-18
2026-04-14 05:14:34,538 INFO o.a.j.t.JMeterThread: Thread is done: RateLimitLoad 1-18
2026-04-14 05:14:34,538 INFO o.a.j.t.JMeterThread: Thread finished: RateLimitLoad 1-18
2026-04-14 05:14:34,592 INFO o.a.j.t.JMeterThread: Thread started: RateLimitLoad 1-19
2026-04-14 05:14:34,670 INFO o.a.j.t.JMeterThread: Thread is done: RateLimitLoad 1-19
2026-04-14 05:14:34,670 INFO o.a.j.t.JMeterThread: Thread finished: RateLimitLoad 1-19
2026-04-14 05:14:34,717 INFO o.a.j.t.JMeterThread: Thread started: RateLimitLoad 1-20
2026-04-14 05:14:34,800 INFO o.a.j.t.JMeterThread: Thread is done: RateLimitLoad 1-20
2026-04-14 05:14:34,800 INFO o.a.j.t.JMeterThread: Thread finished: RateLimitLoad 1-20
2026-04-14 05:14:34,841 INFO o.a.j.t.JMeterThread: Thread started: RateLimitLoad 1-21
2026-04-14 05:14:34,922 INFO o.a.j.t.JMeterThread: Thread is done: RateLimitLoad 1-21
2026-04-14 05:14:34,922 INFO o.a.j.t.JMeterThread: Thread finished: RateLimitLoad 1-21
2026-04-14 05:14:34,967 INFO o.a.j.t.JMeterThread: Thread started: RateLimitLoad 1-22
2026-04-14 05:14:35,067 INFO o.a.j.t.JMeterThread: Thread is done: RateLimitLoad 1-22
2026-04-14 05:14:35,067 INFO o.a.j.t.JMeterThread: Thread finished: RateLimitLoad 1-22
2026-04-14 05:14:35,092 INFO o.a.j.t.JMeterThread: Thread started: RateLimitLoad 1-23
2026-04-14 05:14:35,177 INFO o.a.j.t.JMeterThread: Thread is done: RateLimitLoad 1-23
2026-04-14 05:14:35,177 INFO o.a.j.t.JMeterThread: Thread finished: RateLimitLoad 1-23
2026-04-14 05:14:35,217 INFO o.a.j.t.JMeterThread: Thread started: RateLimitLoad 1-24
2026-04-14 05:14:35,297 INFO o.a.j.t.JMeterThread: Thread is done: RateLimitLoad 1-24
2026-04-14 05:14:35,297 INFO o.a.j.t.JMeterThread: Thread finished: RateLimitLoad 1-24
2026-04-14 05:14:35,342 INFO o.a.j.t.JMeterThread: Thread started: RateLimitLoad 1-25
2026-04-14 05:14:35,414 INFO o.a.j.t.JMeterThread: Thread is done: RateLimitLoad 1-25
2026-04-14 05:14:35,414 INFO o.a.j.t.JMeterThread: Thread finished: RateLimitLoad 1-25
2026-04-14 05:14:35,466 INFO o.a.j.t.JMeterThread: Thread started: RateLimitLoad 1-26
2026-04-14 05:14:35,541 INFO o.a.j.t.JMeterThread: Thread is done: RateLimitLoad 1-26
2026-04-14 05:14:35,541 INFO o.a.j.t.JMeterThread: Thread finished: RateLimitLoad 1-26
2026-04-14 05:14:35,591 INFO o.a.j.t.JMeterThread: Thread started: RateLimitLoad 1-27
2026-04-14 05:14:35,678 INFO o.a.j.t.JMeterThread: Thread is done: RateLimitLoad 1-27
2026-04-14 05:14:35,678 INFO o.a.j.t.JMeterThread: Thread finished: RateLimitLoad 1-27
2026-04-14 05:14:35,717 INFO o.a.j.t.JMeterThread: Thread started: RateLimitLoad 1-28
2026-04-14 05:14:35,800 INFO o.a.j.t.JMeterThread: Thread is done: RateLimitLoad 1-28
2026-04-14 05:14:35,801 INFO o.a.j.t.JMeterThread: Thread finished: RateLimitLoad 1-28
2026-04-14 05:14:35,842 INFO o.a.j.t.JMeterThread: Thread started: RateLimitLoad 1-29
2026-04-14 05:14:35,913 INFO o.a.j.t.JMeterThread: Thread is done: RateLimitLoad 1-29
2026-04-14 05:14:35,913 INFO o.a.j.t.JMeterThread: Thread finished: RateLimitLoad 1-29
2026-04-14 05:14:35,967 INFO o.a.j.t.JMeterThread: Thread started: RateLimitLoad 1-30
2026-04-14 05:14:36,041 INFO o.a.j.t.JMeterThread: Thread is done: RateLimitLoad 1-30
2026-04-14 05:14:36,042 INFO o.a.j.t.JMeterThread: Thread finished: RateLimitLoad 1-30
2026-04-14 05:14:36,091 INFO o.a.j.t.JMeterThread: Thread started: RateLimitLoad 1-31
2026-04-14 05:14:36,157 INFO o.a.j.t.JMeterThread: Thread is done: RateLimitLoad 1-31
2026-04-14 05:14:36,158 INFO o.a.j.t.JMeterThread: Thread finished: RateLimitLoad 1-31
2026-04-14 05:14:36,216 INFO o.a.j.t.JMeterThread: Thread started: RateLimitLoad 1-32
2026-04-14 05:14:36,297 INFO o.a.j.t.JMeterThread: Thread is done: RateLimitLoad 1-32
2026-04-14 05:14:36,298 INFO o.a.j.t.JMeterThread: Thread finished: RateLimitLoad 1-32
2026-04-14 05:14:36,342 INFO o.a.j.t.JMeterThread: Thread started: RateLimitLoad 1-33
2026-04-14 05:14:36,414 INFO o.a.j.t.JMeterThread: Thread is done: RateLimitLoad 1-33
2026-04-14 05:14:36,414 INFO o.a.j.t.JMeterThread: Thread finished: RateLimitLoad 1-33
2026-04-14 05:14:36,466 INFO o.a.j.t.JMeterThread: Thread started: RateLimitLoad 1-34
2026-04-14 05:14:36,538 INFO o.a.j.t.JMeterThread: Thread is done: RateLimitLoad 1-34
2026-04-14 05:14:36,538 INFO o.a.j.t.JMeterThread: Thread finished: RateLimitLoad 1-34
2026-04-14 05:14:36,591 INFO o.a.j.t.JMeterThread: Thread started: RateLimitLoad 1-35
2026-04-14 05:14:36,664 INFO o.a.j.t.JMeterThread: Thread is done: RateLimitLoad 1-35
2026-04-14 05:14:36,669 INFO o.a.j.t.JMeterThread: Thread finished: RateLimitLoad 1-35
2026-04-14 05:14:36,717 INFO o.a.j.t.JMeterThread: Thread started: RateLimitLoad 1-36
2026-04-14 05:14:36,801 INFO o.a.j.t.JMeterThread: Thread is done: RateLimitLoad 1-36
2026-04-14 05:14:36,801 INFO o.a.j.t.JMeterThread: Thread finished: RateLimitLoad 1-36
2026-04-14 05:14:36,841 INFO o.a.j.t.JMeterThread: Thread started: RateLimitLoad 1-37
2026-04-14 05:14:36,930 INFO o.a.j.t.JMeterThread: Thread is done: RateLimitLoad 1-37
2026-04-14 05:14:36,930 INFO o.a.j.t.JMeterThread: Thread finished: RateLimitLoad 1-37
2026-04-14 05:14:36,966 INFO o.a.j.t.JMeterThread: Thread started: RateLimitLoad 1-38
2026-04-14 05:14:37,047 INFO o.a.j.t.JMeterThread: Thread is done: RateLimitLoad 1-38
2026-04-14 05:14:37,047 INFO o.a.j.t.JMeterThread: Thread finished: RateLimitLoad 1-38
2026-04-14 05:14:37,092 INFO o.a.j.t.JMeterThread: Thread started: RateLimitLoad 1-39
2026-04-14 05:14:37,158 INFO o.a.j.t.JMeterThread: Thread is done: RateLimitLoad 1-39
2026-04-14 05:14:37,158 INFO o.a.j.t.JMeterThread: Thread finished: RateLimitLoad 1-39
2026-04-14 05:14:37,216 INFO o.a.j.t.JMeterThread: Thread started: RateLimitLoad 1-40
2026-04-14 05:14:37,301 INFO o.a.j.t.JMeterThread: Thread is done: RateLimitLoad 1-40
2026-04-14 05:14:37,301 INFO o.a.j.t.JMeterThread: Thread finished: RateLimitLoad 1-40
2026-04-14 05:14:37,301 INFO o.a.j.e.StandardJMeterEngine: Notifying test listeners of end of test
2026-04-14 05:14:37,303 INFO o.a.j.r.Summariser: summary +   4799 in 00:00:04 = 1109.6/s Avg:     1 Min:     0 Max:  1223 Err:  4794 (99.90%) Active: 0 Started: 40 Finished: 40
2026-04-14 05:14:37,303 INFO o.a.j.r.Summariser: summary =   4800 in 00:00:05 =  900.1/s Avg:     1 Min:     0 Max:  1223 Err:  4795 (99.90%)
