2026-04-14 05:13:32,825 INFO o.a.j.u.JMeterUtils: Setting Locale to en_EN
2026-04-14 05:13:32,835 INFO o.a.j.JMeter: Loading user properties from: /opt/apache-jmeter-5.5/bin/user.properties
2026-04-14 05:13:32,836 INFO o.a.j.JMeter: Loading system properties from: /opt/apache-jmeter-5.5/bin/system.properties
2026-04-14 05:13:32,836 INFO o.a.j.JMeter: Setting System property: log4j2.formatMsgNoLookups=true
2026-04-14 05:13:32,840 INFO o.a.j.JMeter: Copyright (c) 1998-2022 The Apache Software Foundation
2026-04-14 05:13:32,841 INFO o.a.j.JMeter: Version 5.5
2026-04-14 05:13:32,841 INFO o.a.j.JMeter: java.version=1.8.0_275
2026-04-14 05:13:32,841 INFO o.a.j.JMeter: java.vm.name=OpenJDK 64-Bit Server VM
2026-04-14 05:13:32,841 INFO o.a.j.JMeter: os.name=Linux
2026-04-14 05:13:32,841 INFO o.a.j.JMeter: os.arch=amd64
2026-04-14 05:13:32,841 INFO o.a.j.JMeter: os.version=6.6.87.2-microsoft-standard-WSL2
2026-04-14 05:13:32,841 INFO o.a.j.JMeter: file.encoding=UTF-8
2026-04-14 05:13:32,842 INFO o.a.j.JMeter: java.awt.headless=true
2026-04-14 05:13:32,842 INFO o.a.j.JMeter: Max memory     =47865397248
2026-04-14 05:13:32,842 INFO o.a.j.JMeter: Available Processors =20
2026-04-14 05:13:32,845 INFO o.a.j.JMeter: Default Locale=English (EN)
2026-04-14 05:13:32,846 INFO o.a.j.JMeter: JMeter  Locale=English (EN)
2026-04-14 05:13:32,846 INFO o.a.j.JMeter: JMeterHome=/opt/apache-jmeter-5.5
2026-04-14 05:13:32,846 INFO o.a.j.JMeter: user.dir  =/opt/apache-jmeter-5.5
2026-04-14 05:13:32,846 INFO o.a.j.JMeter: PWD       =/opt/apache-jmeter-5.5
2026-04-14 05:13:32,883 INFO o.a.j.JMeter: IP: 192.168.65.3 Name: docker-desktop FullName: 192.168.65.3
2026-04-14 05:13:32,898 INFO o.a.j.s.FileServer: Default base='/opt/apache-jmeter-5.5'
2026-04-14 05:13:32,899 INFO o.a.j.s.FileServer: Set new base='/jmeter'
2026-04-14 05:13:32,968 INFO o.a.j.s.SaveService: Testplan (JMX) version: 2.2. Testlog (JTL) version: 2.2
2026-04-14 05:13:32,977 INFO o.a.j.s.SaveService: Using SaveService properties file encoding UTF-8
2026-04-14 05:13:32,980 INFO o.a.j.s.SaveService: Using SaveService properties version 5.0
2026-04-14 05:13:32,985 INFO o.a.j.s.SaveService: Loading file: /jmeter/traffic-governance.jmx
2026-04-14 05:13:33,016 INFO o.a.j.p.h.s.HTTPSamplerBase: Parser for text/html is org.apache.jmeter.protocol.http.parser.LagartoBasedHtmlParser
2026-04-14 05:13:33,017 INFO o.a.j.p.h.s.HTTPSamplerBase: Parser for application/xhtml+xml is org.apache.jmeter.protocol.http.parser.LagartoBasedHtmlParser
2026-04-14 05:13:33,017 INFO o.a.j.p.h.s.HTTPSamplerBase: Parser for application/xml is org.apache.jmeter.protocol.http.parser.LagartoBasedHtmlParser
2026-04-14 05:13:33,017 INFO o.a.j.p.h.s.HTTPSamplerBase: Parser for text/xml is org.apache.jmeter.protocol.http.parser.LagartoBasedHtmlParser
2026-04-14 05:13:33,017 INFO o.a.j.p.h.s.HTTPSamplerBase: Parser for text/vnd.wap.wml is org.apache.jmeter.protocol.http.parser.RegexpHTMLParser
2026-04-14 05:13:33,017 INFO o.a.j.p.h.s.HTTPSamplerBase: Parser for text/css is org.apache.jmeter.protocol.http.parser.CssParser
2026-04-14 05:13:33,211 INFO o.a.j.JMeter: Creating summariser <summary>
2026-04-14 05:13:33,216 INFO o.a.j.e.StandardJMeterEngine: Running the test!
2026-04-14 05:13:33,217 INFO o.a.j.s.SampleEvent: List of sample_variables: []
2026-04-14 05:13:33,217 INFO o.a.j.s.SampleEvent: List of sample_variables: []
2026-04-14 05:13:33,219 INFO o.a.j.e.u.CompoundVariable: Note: Function class names must contain the string: '.functions.'
2026-04-14 05:13:33,219 INFO o.a.j.e.u.CompoundVariable: Note: Function class names must not contain the string: '.gui.'
2026-04-14 05:13:33,345 INFO o.a.j.JMeter: Running test (1776136413345)
2026-04-14 05:13:33,708 INFO o.a.j.e.StandardJMeterEngine: Starting ThreadGroup: 1 : RateLimitLoad
2026-04-14 05:13:33,708 INFO o.a.j.e.StandardJMeterEngine: Starting 40 threads for group RateLimitLoad.
2026-04-14 05:13:33,708 INFO o.a.j.e.StandardJMeterEngine: Thread will continue on error
2026-04-14 05:13:33,708 INFO o.a.j.t.ThreadGroup: Starting thread group... number=1 threads=40 ramp-up=5 delayedStart=false
2026-04-14 05:13:33,713 INFO o.a.j.t.JMeterThread: Thread started: RateLimitLoad 1-1
2026-04-14 05:13:33,720 INFO o.a.j.t.ThreadGroup: Started thread group number 1
2026-04-14 05:13:33,720 INFO o.a.j.e.StandardJMeterEngine: All thread groups have been started
2026-04-14 05:13:33,727 INFO o.a.j.p.h.s.HTTPHCAbstractImpl: Local host = docker-desktop
2026-04-14 05:13:33,731 INFO o.a.j.p.h.s.HTTPHC4Impl: HTTP request retry count = 0
2026-04-14 05:13:33,733 INFO o.a.j.s.SampleResult: Note: Sample TimeStamps are START times
2026-04-14 05:13:33,733 INFO o.a.j.s.SampleResult: sampleresult.default.encoding is set to ISO-8859-1
2026-04-14 05:13:33,733 INFO o.a.j.s.SampleResult: sampleresult.useNanoTime=true
2026-04-14 05:13:33,733 INFO o.a.j.s.SampleResult: sampleresult.nanoThreadSleep=5000
2026-04-14 05:13:33,835 INFO o.a.j.t.JMeterThread: Thread started: RateLimitLoad 1-2
2026-04-14 05:13:33,960 INFO o.a.j.t.JMeterThread: Thread started: RateLimitLoad 1-3
2026-04-14 05:13:34,084 INFO o.a.j.t.JMeterThread: Thread started: RateLimitLoad 1-4
2026-04-14 05:13:34,209 INFO o.a.j.t.JMeterThread: Thread started: RateLimitLoad 1-5
2026-04-14 05:13:34,334 INFO o.a.j.t.JMeterThread: Thread started: RateLimitLoad 1-6
2026-04-14 05:13:34,350 INFO o.a.j.r.Summariser: summary +      1 in 00:00:01 =    1.0/s Avg:    10 Min:    10 Max:    10 Err:     1 (100.00%) Active: 6 Started: 6 Finished: 0
2026-04-14 05:13:34,459 INFO o.a.j.t.JMeterThread: Thread started: RateLimitLoad 1-7
2026-04-14 05:13:34,583 INFO o.a.j.t.JMeterThread: Thread started: RateLimitLoad 1-8
2026-04-14 05:13:34,592 INFO o.a.j.t.JMeterThread: Thread is done: RateLimitLoad 1-6
2026-04-14 05:13:34,592 INFO o.a.j.t.JMeterThread: Thread finished: RateLimitLoad 1-6
2026-04-14 05:13:34,678 INFO o.a.j.t.JMeterThread: Thread is done: RateLimitLoad 1-7
2026-04-14 05:13:34,678 INFO o.a.j.t.JMeterThread: Thread finished: RateLimitLoad 1-7
2026-04-14 05:13:34,708 INFO o.a.j.t.JMeterThread: Thread started: RateLimitLoad 1-9
2026-04-14 05:13:34,779 INFO o.a.j.t.JMeterThread: Thread is done: RateLimitLoad 1-8
2026-04-14 05:13:34,779 INFO o.a.j.t.JMeterThread: Thread finished: RateLimitLoad 1-8
2026-04-14 05:13:34,834 INFO o.a.j.t.JMeterThread: Thread started: RateLimitLoad 1-10
2026-04-14 05:13:34,881 INFO o.a.j.t.JMeterThread: Thread is done: RateLimitLoad 1-9
2026-04-14 05:13:34,881 INFO o.a.j.t.JMeterThread: Thread finished: RateLimitLoad 1-9
2026-04-14 05:13:34,959 INFO o.a.j.t.JMeterThread: Thread started: RateLimitLoad 1-11
2026-04-14 05:13:34,995 INFO o.a.j.t.JMeterThread: Thread is done: RateLimitLoad 1-10
2026-04-14 05:13:34,995 INFO o.a.j.t.JMeterThread: Thread finished: RateLimitLoad 1-10
2026-04-14 05:13:35,083 INFO o.a.j.t.JMeterThread: Thread started: RateLimitLoad 1-12
2026-04-14 05:13:35,147 INFO o.a.j.t.JMeterThread: Thread is done: RateLimitLoad 1-11
2026-04-14 05:13:35,147 INFO o.a.j.t.JMeterThread: Thread finished: RateLimitLoad 1-11
2026-04-14 05:13:35,208 INFO o.a.j.t.JMeterThread: Thread started: RateLimitLoad 1-13
2026-04-14 05:13:35,230 INFO o.a.j.t.JMeterThread: Thread is done: RateLimitLoad 1-1
2026-04-14 05:13:35,230 INFO o.a.j.t.JMeterThread: Thread finished: RateLimitLoad 1-1
2026-04-14 05:13:35,264 INFO o.a.j.t.JMeterThread: Thread is done: RateLimitLoad 1-2
2026-04-14 05:13:35,264 INFO o.a.j.t.JMeterThread: Thread finished: RateLimitLoad 1-2
2026-04-14 05:13:35,283 INFO o.a.j.t.JMeterThread: Thread is done: RateLimitLoad 1-12
2026-04-14 05:13:35,283 INFO o.a.j.t.JMeterThread: Thread finished: RateLimitLoad 1-12
2026-04-14 05:13:35,334 INFO o.a.j.t.JMeterThread: Thread started: RateLimitLoad 1-14
2026-04-14 05:13:35,335 INFO o.a.j.t.JMeterThread: Thread is done: RateLimitLoad 1-3
2026-04-14 05:13:35,336 INFO o.a.j.t.JMeterThread: Thread finished: RateLimitLoad 1-3
2026-04-14 05:13:35,354 INFO o.a.j.t.JMeterThread: Thread is done: RateLimitLoad 1-13
2026-04-14 05:13:35,355 INFO o.a.j.t.JMeterThread: Thread finished: RateLimitLoad 1-13
2026-04-14 05:13:35,415 INFO o.a.j.t.JMeterThread: Thread is done: RateLimitLoad 1-4
2026-04-14 05:13:35,415 INFO o.a.j.t.JMeterThread: Thread finished: RateLimitLoad 1-4
2026-04-14 05:13:35,451 INFO o.a.j.t.JMeterThread: Thread is done: RateLimitLoad 1-14
2026-04-14 05:13:35,451 INFO o.a.j.t.JMeterThread: Thread finished: RateLimitLoad 1-14
2026-04-14 05:13:35,458 INFO o.a.j.t.JMeterThread: Thread started: RateLimitLoad 1-15
2026-04-14 05:13:35,533 INFO o.a.j.t.JMeterThread: Thread is done: RateLimitLoad 1-5
2026-04-14 05:13:35,534 INFO o.a.j.t.JMeterThread: Thread finished: RateLimitLoad 1-5
2026-04-14 05:13:35,568 INFO o.a.j.t.JMeterThread: Thread is done: RateLimitLoad 1-15
2026-04-14 05:13:35,568 INFO o.a.j.t.JMeterThread: Thread finished: RateLimitLoad 1-15
2026-04-14 05:13:35,583 INFO o.a.j.t.JMeterThread: Thread started: RateLimitLoad 1-16
2026-04-14 05:13:35,697 INFO o.a.j.t.JMeterThread: Thread is done: RateLimitLoad 1-16
2026-04-14 05:13:35,697 INFO o.a.j.t.JMeterThread: Thread finished: RateLimitLoad 1-16
2026-04-14 05:13:35,708 INFO o.a.j.t.JMeterThread: Thread started: RateLimitLoad 1-17
2026-04-14 05:13:35,811 INFO o.a.j.t.JMeterThread: Thread is done: RateLimitLoad 1-17
2026-04-14 05:13:35,811 INFO o.a.j.t.JMeterThread: Thread finished: RateLimitLoad 1-17
2026-04-14 05:13:35,834 INFO o.a.j.t.JMeterThread: Thread started: RateLimitLoad 1-18
2026-04-14 05:13:35,944 INFO o.a.j.t.JMeterThread: Thread is done: RateLimitLoad 1-18
2026-04-14 05:13:35,944 INFO o.a.j.t.JMeterThread: Thread finished: RateLimitLoad 1-18
2026-04-14 05:13:35,958 INFO o.a.j.t.JMeterThread: Thread started: RateLimitLoad 1-19
2026-04-14 05:13:36,081 INFO o.a.j.t.JMeterThread: Thread is done: RateLimitLoad 1-19
2026-04-14 05:13:36,081 INFO o.a.j.t.JMeterThread: Thread finished: RateLimitLoad 1-19
2026-04-14 05:13:36,084 INFO o.a.j.t.JMeterThread: Thread started: RateLimitLoad 1-20
2026-04-14 05:13:36,179 INFO o.a.j.t.JMeterThread: Thread is done: RateLimitLoad 1-20
2026-04-14 05:13:36,179 INFO o.a.j.t.JMeterThread: Thread finished: RateLimitLoad 1-20
2026-04-14 05:13:36,209 INFO o.a.j.t.JMeterThread: Thread started: RateLimitLoad 1-21
2026-04-14 05:13:36,305 INFO o.a.j.t.JMeterThread: Thread is done: RateLimitLoad 1-21
2026-04-14 05:13:36,306 INFO o.a.j.t.JMeterThread: Thread finished: RateLimitLoad 1-21
2026-04-14 05:13:36,333 INFO o.a.j.t.JMeterThread: Thread started: RateLimitLoad 1-22
2026-04-14 05:13:36,459 INFO o.a.j.t.JMeterThread: Thread started: RateLimitLoad 1-23
2026-04-14 05:13:36,466 INFO o.a.j.t.JMeterThread: Thread is done: RateLimitLoad 1-22
2026-04-14 05:13:36,466 INFO o.a.j.t.JMeterThread: Thread finished: RateLimitLoad 1-22
2026-04-14 05:13:36,561 INFO o.a.j.t.JMeterThread: Thread is done: RateLimitLoad 1-23
2026-04-14 05:13:36,561 INFO o.a.j.t.JMeterThread: Thread finished: RateLimitLoad 1-23
2026-04-14 05:13:36,583 INFO o.a.j.t.JMeterThread: Thread started: RateLimitLoad 1-24
2026-04-14 05:13:36,676 INFO o.a.j.t.JMeterThread: Thread is done: RateLimitLoad 1-24
2026-04-14 05:13:36,676 INFO o.a.j.t.JMeterThread: Thread finished: RateLimitLoad 1-24
2026-04-14 05:13:36,708 INFO o.a.j.t.JMeterThread: Thread started: RateLimitLoad 1-25
2026-04-14 05:13:36,802 INFO o.a.j.t.JMeterThread: Thread is done: RateLimitLoad 1-25
2026-04-14 05:13:36,802 INFO o.a.j.t.JMeterThread: Thread finished: RateLimitLoad 1-25
2026-04-14 05:13:36,834 INFO o.a.j.t.JMeterThread: Thread started: RateLimitLoad 1-26
2026-04-14 05:13:36,932 INFO o.a.j.t.JMeterThread: Thread is done: RateLimitLoad 1-26
2026-04-14 05:13:36,932 INFO o.a.j.t.JMeterThread: Thread finished: RateLimitLoad 1-26
2026-04-14 05:13:36,958 INFO o.a.j.t.JMeterThread: Thread started: RateLimitLoad 1-27
2026-04-14 05:13:37,065 INFO o.a.j.t.JMeterThread: Thread is done: RateLimitLoad 1-27
2026-04-14 05:13:37,065 INFO o.a.j.t.JMeterThread: Thread finished: RateLimitLoad 1-27
2026-04-14 05:13:37,084 INFO o.a.j.t.JMeterThread: Thread started: RateLimitLoad 1-28
2026-04-14 05:13:37,183 INFO o.a.j.t.JMeterThread: Thread is done: RateLimitLoad 1-28
2026-04-14 05:13:37,184 INFO o.a.j.t.JMeterThread: Thread finished: RateLimitLoad 1-28
2026-04-14 05:13:37,208 INFO o.a.j.t.JMeterThread: Thread started: RateLimitLoad 1-29
2026-04-14 05:13:37,333 INFO o.a.j.t.JMeterThread: Thread started: RateLimitLoad 1-30
2026-04-14 05:13:37,343 INFO o.a.j.t.JMeterThread: Thread is done: RateLimitLoad 1-29
2026-04-14 05:13:37,343 INFO o.a.j.t.JMeterThread: Thread finished: RateLimitLoad 1-29
2026-04-14 05:13:37,457 INFO o.a.j.t.JMeterThread: Thread is done: RateLimitLoad 1-30
2026-04-14 05:13:37,457 INFO o.a.j.t.JMeterThread: Thread finished: RateLimitLoad 1-30
2026-04-14 05:13:37,459 INFO o.a.j.t.JMeterThread: Thread started: RateLimitLoad 1-31
2026-04-14 05:13:37,554 INFO o.a.j.t.JMeterThread: Thread is done: RateLimitLoad 1-31
2026-04-14 05:13:37,554 INFO o.a.j.t.JMeterThread: Thread finished: RateLimitLoad 1-31
2026-04-14 05:13:37,583 INFO o.a.j.t.JMeterThread: Thread started: RateLimitLoad 1-32
2026-04-14 05:13:37,675 INFO o.a.j.t.JMeterThread: Thread is done: RateLimitLoad 1-32
2026-04-14 05:13:37,675 INFO o.a.j.t.JMeterThread: Thread finished: RateLimitLoad 1-32
2026-04-14 05:13:37,709 INFO o.a.j.t.JMeterThread: Thread started: RateLimitLoad 1-33
2026-04-14 05:13:37,799 INFO o.a.j.t.JMeterThread: Thread is done: RateLimitLoad 1-33
2026-04-14 05:13:37,799 INFO o.a.j.t.JMeterThread: Thread finished: RateLimitLoad 1-33
2026-04-14 05:13:37,833 INFO o.a.j.t.JMeterThread: Thread started: RateLimitLoad 1-34
2026-04-14 05:13:37,919 INFO o.a.j.t.JMeterThread: Thread is done: RateLimitLoad 1-34
2026-04-14 05:13:37,919 INFO o.a.j.t.JMeterThread: Thread finished: RateLimitLoad 1-34
2026-04-14 05:13:37,959 INFO o.a.j.t.JMeterThread: Thread started: RateLimitLoad 1-35
2026-04-14 05:13:38,056 INFO o.a.j.t.JMeterThread: Thread is done: RateLimitLoad 1-35
2026-04-14 05:13:38,056 INFO o.a.j.t.JMeterThread: Thread finished: RateLimitLoad 1-35
2026-04-14 05:13:38,083 INFO o.a.j.t.JMeterThread: Thread started: RateLimitLoad 1-36
2026-04-14 05:13:38,171 INFO o.a.j.t.JMeterThread: Thread is done: RateLimitLoad 1-36
2026-04-14 05:13:38,171 INFO o.a.j.t.JMeterThread: Thread finished: RateLimitLoad 1-36
2026-04-14 05:13:38,209 INFO o.a.j.t.JMeterThread: Thread started: RateLimitLoad 1-37
2026-04-14 05:13:38,296 INFO o.a.j.t.JMeterThread: Thread is done: RateLimitLoad 1-37
2026-04-14 05:13:38,296 INFO o.a.j.t.JMeterThread: Thread finished: RateLimitLoad 1-37
2026-04-14 05:13:38,334 INFO o.a.j.t.JMeterThread: Thread started: RateLimitLoad 1-38
2026-04-14 05:13:38,419 INFO o.a.j.t.JMeterThread: Thread is done: RateLimitLoad 1-38
2026-04-14 05:13:38,419 INFO o.a.j.t.JMeterThread: Thread finished: RateLimitLoad 1-38
2026-04-14 05:13:38,459 INFO o.a.j.t.JMeterThread: Thread started: RateLimitLoad 1-39
2026-04-14 05:13:38,543 INFO o.a.j.t.JMeterThread: Thread is done: RateLimitLoad 1-39
2026-04-14 05:13:38,543 INFO o.a.j.t.JMeterThread: Thread finished: RateLimitLoad 1-39
2026-04-14 05:13:38,583 INFO o.a.j.t.JMeterThread: Thread started: RateLimitLoad 1-40
2026-04-14 05:13:38,664 INFO o.a.j.t.JMeterThread: Thread is done: RateLimitLoad 1-40
2026-04-14 05:13:38,665 INFO o.a.j.t.JMeterThread: Thread finished: RateLimitLoad 1-40
2026-04-14 05:13:38,665 INFO o.a.j.e.StandardJMeterEngine: Notifying test listeners of end of test
2026-04-14 05:13:38,666 INFO o.a.j.r.Summariser: summary +   4799 in 00:00:04 = 1111.7/s Avg:     2 Min:     0 Max:  1247 Err:  4795 (99.92%) Active: 0 Started: 40 Finished: 40
2026-04-14 05:13:38,666 INFO o.a.j.r.Summariser: summary =   4800 in 00:00:05 =  902.1/s Avg:     2 Min:     0 Max:  1247 Err:  4796 (99.92%)
